Archive member included to satisfy reference by file (symbol)

c:/1.my_files/software/st/stm32cubeide_1.8.0/stm32cubeide/plugins/com.st.stm32cube.ide.mcu.externaltools.gnu-tools-for-stm32.9-2020-q2-update.win32_2.0.0.202105311346/tools/bin/../lib/gcc/arm-none-eabi/9.3.1/../../../../arm-none-eabi/lib/thumb/v7e-m+fp/hard\libc_nano.a(lib_a-errno.o)
                              ./Core/Src/syscalls.o (__errno)
c:/1.my_files/software/st/stm32cubeide_1.8.0/stm32cubeide/plugins/com.st.stm32cube.ide.mcu.externaltools.gnu-tools-for-stm32.9-2020-q2-update.win32_2.0.0.202105311346/tools/bin/../lib/gcc/arm-none-eabi/9.3.1/../../../../arm-none-eabi/lib/thumb/v7e-m+fp/hard\libc_nano.a(lib_a-exit.o)
                              c:/1.my_files/software/st/stm32cubeide_1.8.0/stm32cubeide/plugins/com.st.stm32cube.ide.mcu.externaltools.gnu-tools-for-stm32.9-2020-q2-update.win32_2.0.0.202105311346/tools/bin/../lib/gcc/arm-none-eabi/9.3.1/../../../../arm-none-eabi/lib/thumb/v7e-m+fp/hard/crt0.o (exit)
c:/1.my_files/software/st/stm32cubeide_1.8.0/stm32cubeide/plugins/com.st.stm32cube.ide.mcu.externaltools.gnu-tools-for-stm32.9-2020-q2-update.win32_2.0.0.202105311346/tools/bin/../lib/gcc/arm-none-eabi/9.3.1/../../../../arm-none-eabi/lib/thumb/v7e-m+fp/hard\libc_nano.a(lib_a-impure.o)
                              c:/1.my_files/software/st/stm32cubeide_1.8.0/stm32cubeide/plugins/com.st.stm32cube.ide.mcu.externaltools.gnu-tools-for-stm32.9-2020-q2-update.win32_2.0.0.202105311346/tools/bin/../lib/gcc/arm-none-eabi/9.3.1/../../../../arm-none-eabi/lib/thumb/v7e-m+fp/hard\libc_nano.a(lib_a-exit.o) (_global_impure_ptr)
c:/1.my_files/software/st/stm32cubeide_1.8.0/stm32cubeide/plugins/com.st.stm32cube.ide.mcu.externaltools.gnu-tools-for-stm32.9-2020-q2-update.win32_2.0.0.202105311346/tools/bin/../lib/gcc/arm-none-eabi/9.3.1/../../../../arm-none-eabi/lib/thumb/v7e-m+fp/hard\libc_nano.a(lib_a-init.o)
                              c:/1.my_files/software/st/stm32cubeide_1.8.0/stm32cubeide/plugins/com.st.stm32cube.ide.mcu.externaltools.gnu-tools-for-stm32.9-2020-q2-update.win32_2.0.0.202105311346/tools/bin/../lib/gcc/arm-none-eabi/9.3.1/../../../../arm-none-eabi/lib/thumb/v7e-m+fp/hard/crt0.o (__libc_init_array)
c:/1.my_files/software/st/stm32cubeide_1.8.0/stm32cubeide/plugins/com.st.stm32cube.ide.mcu.externaltools.gnu-tools-for-stm32.9-2020-q2-update.win32_2.0.0.202105311346/tools/bin/../lib/gcc/arm-none-eabi/9.3.1/../../../../arm-none-eabi/lib/thumb/v7e-m+fp/hard\libc_nano.a(lib_a-memset.o)
                              c:/1.my_files/software/st/stm32cubeide_1.8.0/stm32cubeide/plugins/com.st.stm32cube.ide.mcu.externaltools.gnu-tools-for-stm32.9-2020-q2-update.win32_2.0.0.202105311346/tools/bin/../lib/gcc/arm-none-eabi/9.3.1/../../../../arm-none-eabi/lib/thumb/v7e-m+fp/hard/crt0.o (memset)
c:/1.my_files/software/st/stm32cubeide_1.8.0/stm32cubeide/plugins/com.st.stm32cube.ide.mcu.externaltools.gnu-tools-for-stm32.9-2020-q2-update.win32_2.0.0.202105311346/tools/bin/../lib/gcc/arm-none-eabi/9.3.1/thumb/v7e-m+fp/hard\libgcc.a(_arm_muldf3.o)
                              ./Core/Src/stm32f4xx_it.o (__aeabi_dmul)
c:/1.my_files/software/st/stm32cubeide_1.8.0/stm32cubeide/plugins/com.st.stm32cube.ide.mcu.externaltools.gnu-tools-for-stm32.9-2020-q2-update.win32_2.0.0.202105311346/tools/bin/../lib/gcc/arm-none-eabi/9.3.1/thumb/v7e-m+fp/hard\libgcc.a(_arm_addsubdf3.o)
                              ./Core/Src/stm32f4xx_it.o (__aeabi_dadd)
c:/1.my_files/software/st/stm32cubeide_1.8.0/stm32cubeide/plugins/com.st.stm32cube.ide.mcu.externaltools.gnu-tools-for-stm32.9-2020-q2-update.win32_2.0.0.202105311346/tools/bin/../lib/gcc/arm-none-eabi/9.3.1/thumb/v7e-m+fp/hard\libgcc.a(_arm_muldivdf3.o)
                              ./Core/Src/stm32f4xx_it.o (__aeabi_ddiv)
c:/1.my_files/software/st/stm32cubeide_1.8.0/stm32cubeide/plugins/com.st.stm32cube.ide.mcu.externaltools.gnu-tools-for-stm32.9-2020-q2-update.win32_2.0.0.202105311346/tools/bin/../lib/gcc/arm-none-eabi/9.3.1/thumb/v7e-m+fp/hard\libgcc.a(_arm_fixdfsi.o)
                              ./Core/Src/stm32f4xx_it.o (__aeabi_d2iz)
c:/1.my_files/software/st/stm32cubeide_1.8.0/stm32cubeide/plugins/com.st.stm32cube.ide.mcu.externaltools.gnu-tools-for-stm32.9-2020-q2-update.win32_2.0.0.202105311346/tools/bin/../lib/gcc/arm-none-eabi/9.3.1/thumb/v7e-m+fp/hard\libgcc.a(_arm_truncdfsf2.o)
                              ./Core/Src/stm32f4xx_it.o (__aeabi_d2f)
c:/1.my_files/software/st/stm32cubeide_1.8.0/stm32cubeide/plugins/com.st.stm32cube.ide.mcu.externaltools.gnu-tools-for-stm32.9-2020-q2-update.win32_2.0.0.202105311346/tools/bin/../lib/gcc/arm-none-eabi/9.3.1/thumb/v7e-m+fp/hard\libgcc.a(_aeabi_uldivmod.o)
                              ./Drivers/STM32F4xx_HAL_Driver/Src/stm32f4xx_hal_rcc.o (__aeabi_uldivmod)
[...]
Memory Configuration

Name             Origin             Length             Attributes
RAM              0x0000000020000000 0x0000000000020000 xrw
FLASH            0x0000000008000000 0x0000000000080000 xr
*default*        0x0000000000000000 0xffffffffffffffff

Linker script and memory map

LOAD c:/1.my_files/software/st/stm32cubeide_1.8.0/stm32cubeide/plugins/com.st.stm32cube.ide.mcu.externaltools.gnu-tools-for-stm32.9-2020-q2-update.win32_2.0.0.202105311346/tools/bin/../lib/gcc/arm-none-eabi/9.3.1/thumb/v7e-m+fp/hard/crti.o
LOAD c:/1.my_files/software/st/stm32cubeide_1.8.0/stm32cubeide/plugins/com.st.stm32cube.ide.mcu.externaltools.gnu-tools-for-stm32.9-2020-q2-update.win32_2.0.0.202105311346/tools/bin/../lib/gcc/arm-none-eabi/9.3.1/thumb/v7e-m+fp/hard/crtbegin.o
LOAD c:/1.my_files/software/st/stm32cubeide_1.8.0/stm32cubeide/plugins/com.st.stm32cube.ide.mcu.externaltools.gnu-tools-for-stm32.9-2020-q2-update.win32_2.0.0.202105311346/tools/bin/../lib/gcc/arm-none-eabi/9.3.1/../../../../arm-none-eabi/lib/thumb/v7e-m+fp/hard/crt0.o
LOAD ./Core/Src/main.o
LOAD ./Core/Src/stm32f4xx_hal_msp.o
LOAD ./Core/Src/stm32f4xx_it.o
LOAD ./Core/Src/syscalls.o
LOAD ./Core/Src/sysmem.o
LOAD ./Core/Src/system_stm32f4xx.o
LOAD ./Core/Startup/startup_stm32f446retx.o
LOAD ./Drivers/STM32F4xx_HAL_Driver/Src/stm32f4xx_hal.o
LOAD ./Drivers/STM32F4xx_HAL_Driver/Src/stm32f4xx_hal_can.o
LOAD ./Drivers/STM32F4xx_HAL_Driver/Src/stm32f4xx_hal_cortex.o
LOAD ./Drivers/STM32F4xx_HAL_Driver/Src/stm32f4xx_hal_dma.o
LOAD ./Drivers/STM32F4xx_HAL_Driver/Src/stm32f4xx_hal_dma_ex.o
LOAD ./Drivers/STM32F4xx_HAL_Driver/Src/stm32f4xx_hal_exti.o
LOAD ./Drivers/STM32F4xx_HAL_Driver/Src/stm32f4xx_hal_flash.o
LOAD ./Drivers/STM32F4xx_HAL_Driver/Src/stm32f4xx_hal_flash_ex.o
LOAD ./Drivers/STM32F4xx_HAL_Driver/Src/stm32f4xx_hal_flash_ramfunc.o
LOAD ./Drivers/STM32F4xx_HAL_Driver/Src/stm32f4xx_hal_gpio.o
LOAD ./Drivers/STM32F4xx_HAL_Driver/Src/stm32f4xx_hal_pwr.o
LOAD ./Drivers/STM32F4xx_HAL_Driver/Src/stm32f4xx_hal_pwr_ex.o
LOAD ./Drivers/STM32F4xx_HAL_Driver/Src/stm32f4xx_hal_rcc.o
LOAD ./Drivers/STM32F4xx_HAL_Driver/Src/stm32f4xx_hal_rcc_ex.o
LOAD ./Drivers/STM32F4xx_HAL_Driver/Src/stm32f4xx_hal_tim.o
LOAD ./Drivers/STM32F4xx_HAL_Driver/Src/stm32f4xx_hal_tim_ex.o
START GROUP
LOAD c:/1.my_files/software/st/stm32cubeide_1.8.0/stm32cubeide/plugins/com.st.stm32cube.ide.mcu.externaltools.gnu-tools-for-stm32.9-2020-q2-update.win32_2.0.0.202105311346/tools/bin/../lib/gcc/arm-none-eabi/9.3.1/../../../../arm-none-eabi/lib/thumb/v7e-m+fp/hard\libc_nano.a
LOAD c:/1.my_files/software/st/stm32cubeide_1.8.0/stm32cubeide/plugins/com.st.stm32cube.ide.mcu.externaltools.gnu-tools-for-stm32.9-2020-q2-update.win32_2.0.0.202105311346/tools/bin/../lib/gcc/arm-none-eabi/9.3.1/../../../../arm-none-eabi/lib/thumb/v7e-m+fp/hard\libm.a
END GROUP
START GROUP
LOAD c:/1.my_files/software/st/stm32cubeide_1.8.0/stm32cubeide/plugins/com.st.stm32cube.ide.mcu.externaltools.gnu-tools-for-stm32.9-2020-q2-update.win32_2.0.0.202105311346/tools/bin/../lib/gcc/arm-none-eabi/9.3.1/thumb/v7e-m+fp/hard\libgcc.a
LOAD c:/1.my_files/software/st/stm32cubeide_1.8.0/stm32cubeide/plugins/com.st.stm32cube.ide.mcu.externaltools.gnu-tools-for-stm32.9-2020-q2-update.win32_2.0.0.202105311346/tools/bin/../lib/gcc/arm-none-eabi/9.3.1/../../../../arm-none-eabi/lib/thumb/v7e-m+fp/hard\libc_nano.a
END GROUP
START GROUP
LOAD c:/1.my_files/software/st/stm32cubeide_1.8.0/stm32cubeide/plugins/com.st.stm32cube.ide.mcu.externaltools.gnu-tools-for-stm32.9-2020-q2-update.win32_2.0.0.202105311346/tools/bin/../lib/gcc/arm-none-eabi/9.3.1/thumb/v7e-m+fp/hard\libgcc.a
LOAD c:/1.my_files/software/st/stm32cubeide_1.8.0/stm32cubeide/plugins/com.st.stm32cube.ide.mcu.externaltools.gnu-tools-for-stm32.9-2020-q2-update.win32_2.0.0.202105311346/tools/bin/../lib/gcc/arm-none-eabi/9.3.1/../../../../arm-none-eabi/lib/thumb/v7e-m+fp/hard\libc_nano.a
LOAD c:/1.my_files/software/st/stm32cubeide_1.8.0/stm32cubeide/plugins/com.st.stm32cube.ide.mcu.externaltools.gnu-tools-for-stm32.9-2020-q2-update.win32_2.0.0.202105311346/tools/bin/../lib/gcc/arm-none-eabi/9.3.1/../../../../arm-none-eabi/lib/thumb/v7e-m+fp/hard\libnosys.a
END GROUP
START GROUP
LOAD c:/1.my_files/software/st/stm32cubeide_1.8.0/stm32cubeide/plugins/com.st.stm32cube.ide.mcu.externaltools.gnu-tools-for-stm32.9-2020-q2-update.win32_2.0.0.202105311346/tools/bin/../lib/gcc/arm-none-eabi/9.3.1/thumb/v7e-m+fp/hard\libgcc.a
LOAD c:/1.my_files/software/st/stm32cubeide_1.8.0/stm32cubeide/plugins/com.st.stm32cube.ide.mcu.externaltools.gnu-tools-for-stm32.9-2020-q2-update.win32_2.0.0.202105311346/tools/bin/../lib/gcc/arm-none-eabi/9.3.1/../../../../arm-none-eabi/lib/thumb/v7e-m+fp/hard\libc_nano.a
LOAD c:/1.my_files/software/st/stm32cubeide_1.8.0/stm32cubeide/plugins/com.st.stm32cube.ide.mcu.externaltools.gnu-tools-for-stm32.9-2020-q2-update.win32_2.0.0.202105311346/tools/bin/../lib/gcc/arm-none-eabi/9.3.1/../../../../arm-none-eabi/lib/thumb/v7e-m+fp/hard\libnosys.a
END GROUP
LOAD c:/1.my_files/software/st/stm32cubeide_1.8.0/stm32cubeide/plugins/com.st.stm32cube.ide.mcu.externaltools.gnu-tools-for-stm32.9-2020-q2-update.win32_2.0.0.202105311346/tools/bin/../lib/gcc/arm-none-eabi/9.3.1/thumb/v7e-m+fp/hard/crtend.o
LOAD c:/1.my_files/software/st/stm32cubeide_1.8.0/stm32cubeide/plugins/com.st.stm32cube.ide.mcu.externaltools.gnu-tools-for-stm32.9-2020-q2-update.win32_2.0.0.202105311346/tools/bin/../lib/gcc/arm-none-eabi/9.3.1/thumb/v7e-m+fp/hard/crtn.o
                0x0000000020020000                _estack = (ORIGIN (RAM) + LENGTH (RAM))
                0x0000000000000200                _Min_Heap_Size = 0x200
                0x0000000000000400                _Min_Stack_Size = 0x400

.isr_vector     0x0000000008000000      0x1c4
                0x0000000008000000                . = ALIGN (0x4)
 *(.isr_vector)
 .isr_vector    0x0000000008000000      0x1c4 ./Core/Startup/startup_stm32f446retx.o
                0x0000000008000000                g_pfnVectors
                0x00000000080001c4                . = ALIGN (0x4)

.text           0x00000000080001c8     0x4818
                0x00000000080001c8                . = ALIGN (0x4)
 *(.text)
 .text          0x00000000080001c8       0x40 c:/1.my_files/software/st/stm32cubeide_1.8.0/stm32cubeide/plugins/com.st.stm32cube.ide.mcu.externaltools.gnu-tools-for-stm32.9-2020-q2-update.win32_2.0.0.202105311346/tools/bin/../lib/gcc/arm-none-eabi/9.3.1/thumb/v7e-m+fp/hard/crtbegin.o
 .text          0x0000000008000208      0x378 c:/1.my_files/software/st/stm32cubeide_1.8.0/stm32cubeide/plugins/com.st.stm32cube.ide.mcu.externaltools.gnu-tools-for-stm32.9-2020-q2-update.win32_2.0.0.202105311346/tools/bin/../lib/gcc/arm-none-eabi/9.3.1/thumb/v7e-m+fp/hard\libgcc.a(_arm_addsubdf3.o)
                0x0000000008000208                __aeabi_drsub
                0x0000000008000210                __aeabi_dsub
                0x0000000008000210                __subdf3
                0x0000000008000214                __aeabi_dadd
                0x0000000008000214                __adddf3
                0x000000000800048c                __floatunsidf
                0x000000000800048c                __aeabi_ui2d
                0x00000000080004ac                __floatsidf
                0x00000000080004ac                __aeabi_i2d
                0x00000000080004d0                __aeabi_f2d
                0x00000000080004d0                __extendsfdf2
                0x0000000008000514                __floatundidf
                0x0000000008000514                __aeabi_ul2d
                0x0000000008000524                __floatdidf
                0x0000000008000524                __aeabi_l2d
 .text          0x0000000008000580      0x424 c:/1.my_files/software/st/stm32cubeide_1.8.0/stm32cubeide/plugins/com.st.stm32cube.ide.mcu.externaltools.gnu-tools-for-stm32.9-2020-q2-update.win32_2.0.0.202105311346/tools/bin/../lib/gcc/arm-none-eabi/9.3.1/thumb/v7e-m+fp/hard\libgcc.a(_arm_muldivdf3.o)
                0x0000000008000580                __aeabi_dmul
                0x0000000008000580                __muldf3
                0x00000000080007d4                __divdf3
                0x00000000080007d4                __aeabi_ddiv
 .text          0x00000000080009a4       0x50 c:/1.my_files/software/st/stm32cubeide_1.8.0/stm32cubeide/plugins/com.st.stm32cube.ide.mcu.externaltools.gnu-tools-for-stm32.9-2020-q2-update.win32_2.0.0.202105311346/tools/bin/../lib/gcc/arm-none-eabi/9.3.1/thumb/v7e-m+fp/hard\libgcc.a(_arm_fixdfsi.o)
                0x00000000080009a4                __aeabi_d2iz
                0x00000000080009a4                __fixdfsi
 .text          0x00000000080009f4       0xa0 c:/1.my_files/software/st/stm32cubeide_1.8.0/stm32cubeide/plugins/com.st.stm32cube.ide.mcu.externaltools.gnu-tools-for-stm32.9-2020-q2-update.win32_2.0.0.202105311346/tools/bin/../lib/gcc/arm-none-eabi/9.3.1/thumb/v7e-m+fp/hard\libgcc.a(_arm_truncdfsf2.o)
                0x00000000080009f4                __truncdfsf2
                0x00000000080009f4                __aeabi_d2f
 .text          0x0000000008000a94       0x30 c:/1.my_files/software/st/stm32cubeide_1.8.0/stm32cubeide/plugins/com.st.stm32cube.ide.mcu.externaltools.gnu-tools-for-stm32.9-2020-q2-update.win32_2.0.0.202105311346/tools/bin/../lib/gcc/arm-none-eabi/9.3.1/thumb/v7e-m+fp/hard\libgcc.a(_aeabi_uldivmod.o)
                0x0000000008000a94                __aeabi_uldivmod
 .text          0x0000000008000ac4      0x2c4 c:/1.my_files/software/st/stm32cubeide_1.8.0/stm32cubeide/plugins/com.st.stm32cube.ide.mcu.externaltools.gnu-tools-for-stm32.9-2020-q2-update.win32_2.0.0.202105311346/tools/bin/../lib/gcc/arm-none-eabi/9.3.1/thumb/v7e-m+fp/hard\libgcc.a(_udivmoddi4.o)
                0x0000000008000ac4                __udivmoddi4
 .text          0x0000000008000d88        0x4 c:/1.my_files/software/st/stm32cubeide_1.8.0/stm32cubeide/plugins/com.st.stm32cube.ide.mcu.externaltools.gnu-tools-for-stm32.9-2020-q2-update.win32_2.0.0.202105311346/tools/bin/../lib/gcc/arm-none-eabi/9.3.1/thumb/v7e-m+fp/hard\libgcc.a(_dvmd_tls.o)
                0x0000000008000d88                __aeabi_idiv0
                0x0000000008000d88                __aeabi_ldiv0
 *(.text*)
 .text.main     0x0000000008000d8c       0x5c ./Core/Src/main.o
                0x0000000008000d8c                main
 .text.Motor_PWM_Start
                0x0000000008000de8       0x50 ./Core/Src/main.o
                0x0000000008000de8                Motor_PWM_Start
 .text.Motor_Set_Speed
                0x0000000008000e38       0x2c ./Core/Src/main.o
                0x0000000008000e38                Motor_Set_Speed
 .text.Motor_Get_Odom
                0x0000000008000e64       0x18 ./Core/Src/main.o
                0x0000000008000e64                Motor_Get_Odom
 .text.CAN_Header_Config
                0x0000000008000e7c       0x2e ./Core/Src/main.o
                0x0000000008000e7c                CAN_Header_Config
 .text.CAN_Filter_Config
                0x0000000008000eaa       0x52 ./Core/Src/main.o
                0x0000000008000eaa                CAN_Filter_Config
 .text.CAN_Starter
                0x0000000008000efc       0x48 ./Core/Src/main.o
                0x0000000008000efc                CAN_Starter
 .text.SystemClock_Config
                0x0000000008000f44       0xd8 ./Core/Src/main.o
                0x0000000008000f44                SystemClock_Config
 .text.MX_CAN1_Init
                0x000000000800101c       0x6c ./Core/Src/main.o
 .text.MX_TIM3_Init
                0x0000000008001088       0xa8 ./Core/Src/main.o
 .text.MX_TIM7_Init
                0x0000000008001130       0x6c ./Core/Src/main.o
 .text.MX_TIM8_Init
                0x000000000800119c      0x12c ./Core/Src/main.o
 .text.MX_GPIO_Init
                0x00000000080012c8       0xe8 ./Core/Src/main.o
 .text.Error_Handler
                0x00000000080013b0        0xa ./Core/Src/main.o
                0x00000000080013b0                Error_Handler
 *fill*         0x00000000080013ba        0x2 
 .text.HAL_MspInit
                0x00000000080013bc       0x50 ./Core/Src/stm32f4xx_hal_msp.o
                0x00000000080013bc                HAL_MspInit
 .text.HAL_CAN_MspInit
                0x000000000800140c       0xa0 ./Core/Src/stm32f4xx_hal_msp.o
                0x000000000800140c                HAL_CAN_MspInit
 .text.HAL_TIM_Encoder_MspInit
                0x00000000080014ac       0x90 ./Core/Src/stm32f4xx_hal_msp.o
                0x00000000080014ac                HAL_TIM_Encoder_MspInit
 .text.HAL_TIM_Base_MspInit
                0x000000000800153c       0x50 ./Core/Src/stm32f4xx_hal_msp.o
                0x000000000800153c                HAL_TIM_Base_MspInit
 .text.HAL_TIM_PWM_MspInit
                0x000000000800158c       0x44 ./Core/Src/stm32f4xx_hal_msp.o
                0x000000000800158c                HAL_TIM_PWM_MspInit
 .text.HAL_TIM_MspPostInit
                0x00000000080015d0       0x74 ./Core/Src/stm32f4xx_hal_msp.o
                0x00000000080015d0                HAL_TIM_MspPostInit
 .text.NMI_Handler
                0x0000000008001644        0x6 ./Core/Src/stm32f4xx_it.o
                0x0000000008001644                NMI_Handler
 .text.HardFault_Handler
                0x000000000800164a        0x6 ./Core/Src/stm32f4xx_it.o
                0x000000000800164a                HardFault_Handler
 .text.MemManage_Handler
                0x0000000008001650        0x6 ./Core/Src/stm32f4xx_it.o
                0x0000000008001650                MemManage_Handler
 .text.BusFault_Handler
                0x0000000008001656        0x6 ./Core/Src/stm32f4xx_it.o
                0x0000000008001656                BusFault_Handler
 .text.UsageFault_Handler
                0x000000000800165c        0x6 ./Core/Src/stm32f4xx_it.o
                0x000000000800165c                UsageFault_Handler
 .text.SVC_Handler
                0x0000000008001662        0xe ./Core/Src/stm32f4xx_it.o
                0x0000000008001662                SVC_Handler
 .text.DebugMon_Handler
                0x0000000008001670        0xe ./Core/Src/stm32f4xx_it.o
                0x0000000008001670                DebugMon_Handler
 .text.PendSV_Handler
                0x000000000800167e        0xe ./Core/Src/stm32f4xx_it.o
                0x000000000800167e                PendSV_Handler
 .text.SysTick_Handler
                0x000000000800168c        0xc ./Core/Src/stm32f4xx_it.o
                0x000000000800168c                SysTick_Handler
 .text.CAN1_RX0_IRQHandler
                0x0000000008001698       0x30 ./Core/Src/stm32f4xx_it.o
                0x0000000008001698                CAN1_RX0_IRQHandler
 .text.My_CAN_Rx_Handler
                0x00000000080016c8       0x64 ./Core/Src/stm32f4xx_it.o
                0x00000000080016c8                My_CAN_Rx_Handler
 .text.TIM7_IRQHandler
                0x000000000800172c      0x144 ./Core/Src/stm32f4xx_it.o
                0x000000000800172c                TIM7_IRQHandler
 .text.My_PD_Controller
                0x0000000008001870       0xc4 ./Core/Src/stm32f4xx_it.o
                0x0000000008001870                My_PD_Controller
 .text.Velocity_To_CAN_Data
                0x0000000008001934       0x4a ./Core/Src/stm32f4xx_it.o
                0x0000000008001934                Velocity_To_CAN_Data
 *fill*         0x000000000800197e        0x2 
 .text.velocity_ticks_to_rs
                0x0000000008001980       0x50 ./Core/Src/stm32f4xx_it.o
                0x0000000008001980                velocity_ticks_to_rs
 .text.velocity_rs_to_ticks
                0x00000000080019d0       0x54 ./Core/Src/stm32f4xx_it.o
                0x00000000080019d0                velocity_rs_to_ticks
 .text.SystemInit
                0x0000000008001a24       0x24 ./Core/Src/system_stm32f4xx.o
                0x0000000008001a24                SystemInit
 .text.Reset_Handler
                0x0000000008001a48       0x50 ./Core/Startup/startup_stm32f446retx.o
                0x0000000008001a48                Reset_Handler
 .text.Default_Handler
                0x0000000008001a98        0x2 ./Core/Startup/startup_stm32f446retx.o
                0x0000000008001a98                RTC_Alarm_IRQHandler
                0x0000000008001a98                EXTI2_IRQHandler
                0x0000000008001a98                TIM8_CC_IRQHandler
                0x0000000008001a98                FMPI2C1_EV_IRQHandler
                0x0000000008001a98                SPI4_IRQHandler
                0x0000000008001a98                TIM1_CC_IRQHandler
                0x0000000008001a98                DMA2_Stream5_IRQHandler
                0x0000000008001a98                DMA1_Stream5_IRQHandler
                0x0000000008001a98                PVD_IRQHandler
                0x0000000008001a98                SDIO_IRQHandler
                0x0000000008001a98                TAMP_STAMP_IRQHandler
                0x0000000008001a98                CAN2_RX1_IRQHandler
                0x0000000008001a98                EXTI3_IRQHandler
                0x0000000008001a98                TIM8_TRG_COM_TIM14_IRQHandler
                0x0000000008001a98                TIM1_UP_TIM10_IRQHandler
                0x0000000008001a98                TIM8_UP_TIM13_IRQHandler
                0x0000000008001a98                I2C3_ER_IRQHandler
                0x0000000008001a98                EXTI0_IRQHandler
                0x0000000008001a98                I2C2_EV_IRQHandler
                0x0000000008001a98                DMA1_Stream2_IRQHandler
                0x0000000008001a98                FPU_IRQHandler
                0x0000000008001a98                OTG_HS_WKUP_IRQHandler
                0x0000000008001a98                CAN2_SCE_IRQHandler
                0x0000000008001a98                DMA2_Stream2_IRQHandler
                0x0000000008001a98                SPI1_IRQHandler
                0x0000000008001a98                TIM6_DAC_IRQHandler
                0x0000000008001a98                TIM1_BRK_TIM9_IRQHandler
                0x0000000008001a98                DCMI_IRQHandler
                0x0000000008001a98                CAN2_RX0_IRQHandler
                0x0000000008001a98                DMA2_Stream3_IRQHandler
                0x0000000008001a98                SAI2_IRQHandler
                0x0000000008001a98                USART6_IRQHandler
                0x0000000008001a98                USART3_IRQHandler
                0x0000000008001a98                CAN1_RX1_IRQHandler
                0x0000000008001a98                UART5_IRQHandler
                0x0000000008001a98                DMA2_Stream0_IRQHandler
                0x0000000008001a98                TIM4_IRQHandler
                0x0000000008001a98                QUADSPI_IRQHandler
                0x0000000008001a98                I2C1_EV_IRQHandler
                0x0000000008001a98                DMA1_Stream6_IRQHandler
                0x0000000008001a98                DMA1_Stream1_IRQHandler
                0x0000000008001a98                UART4_IRQHandler
                0x0000000008001a98                TIM3_IRQHandler
                0x0000000008001a98                RCC_IRQHandler
                0x0000000008001a98                TIM8_BRK_TIM12_IRQHandler
                0x0000000008001a98                Default_Handler
                0x0000000008001a98                CEC_IRQHandler
                0x0000000008001a98                EXTI15_10_IRQHandler
                0x0000000008001a98                ADC_IRQHandler
                0x0000000008001a98                DMA1_Stream7_IRQHandler
                0x0000000008001a98                CAN2_TX_IRQHandler
                0x0000000008001a98                TIM5_IRQHandler
                0x0000000008001a98                DMA2_Stream7_IRQHandler
                0x0000000008001a98                I2C3_EV_IRQHandler
                0x0000000008001a98                EXTI9_5_IRQHandler
                0x0000000008001a98                RTC_WKUP_IRQHandler
                0x0000000008001a98                SPDIF_RX_IRQHandler
                0x0000000008001a98                SPI2_IRQHandler
                0x0000000008001a98                OTG_HS_EP1_IN_IRQHandler
                0x0000000008001a98                DMA1_Stream0_IRQHandler
                0x0000000008001a98                CAN1_TX_IRQHandler
                0x0000000008001a98                FMPI2C1_ER_IRQHandler
                0x0000000008001a98                EXTI4_IRQHandler
                0x0000000008001a98                OTG_HS_EP1_OUT_IRQHandler
                0x0000000008001a98                WWDG_IRQHandler
                0x0000000008001a98                TIM2_IRQHandler
                0x0000000008001a98                OTG_FS_WKUP_IRQHandler
                0x0000000008001a98                TIM1_TRG_COM_TIM11_IRQHandler
                0x0000000008001a98                OTG_HS_IRQHandler
                0x0000000008001a98                EXTI1_IRQHandler
                0x0000000008001a98                USART2_IRQHandler
                0x0000000008001a98                I2C2_ER_IRQHandler
                0x0000000008001a98                DMA2_Stream1_IRQHandler
                0x0000000008001a98                CAN1_SCE_IRQHandler
                0x0000000008001a98                FLASH_IRQHandler
                0x0000000008001a98                DMA2_Stream4_IRQHandler
                0x0000000008001a98                USART1_IRQHandler
                0x0000000008001a98                OTG_FS_IRQHandler
                0x0000000008001a98                SPI3_IRQHandler
                0x0000000008001a98                DMA1_Stream4_IRQHandler
                0x0000000008001a98                I2C1_ER_IRQHandler
                0x0000000008001a98                FMC_IRQHandler
                0x0000000008001a98                DMA2_Stream6_IRQHandler
                0x0000000008001a98                SAI1_IRQHandler
                0x0000000008001a98                DMA1_Stream3_IRQHandler
 *fill*         0x0000000008001a9a        0x2 
 .text.HAL_Init
                0x0000000008001a9c       0x44 ./Drivers/STM32F4xx_HAL_Driver/Src/stm32f4xx_hal.o
                0x0000000008001a9c                HAL_Init
 .text.HAL_InitTick
                0x0000000008001ae0       0x60 ./Drivers/STM32F4xx_HAL_Driver/Src/stm32f4xx_hal.o
                0x0000000008001ae0                HAL_InitTick
 .text.HAL_IncTick
                0x0000000008001b40       0x28 ./Drivers/STM32F4xx_HAL_Driver/Src/stm32f4xx_hal.o
                0x0000000008001b40                HAL_IncTick
 .text.HAL_GetTick
                0x0000000008001b68       0x18 ./Drivers/STM32F4xx_HAL_Driver/Src/stm32f4xx_hal.o
                0x0000000008001b68                HAL_GetTick
 .text.HAL_CAN_Init
                0x0000000008001b80      0x1f6 ./Drivers/STM32F4xx_HAL_Driver/Src/stm32f4xx_hal_can.o
                0x0000000008001b80                HAL_CAN_Init
 *fill*         0x0000000008001d76        0x2 
 .text.HAL_CAN_ConfigFilter
                0x0000000008001d78      0x1c0 ./Drivers/STM32F4xx_HAL_Driver/Src/stm32f4xx_hal_can.o
                0x0000000008001d78                HAL_CAN_ConfigFilter
 .text.HAL_CAN_Start
                0x0000000008001f38       0x88 ./Drivers/STM32F4xx_HAL_Driver/Src/stm32f4xx_hal_can.o
                0x0000000008001f38                HAL_CAN_Start
 .text.HAL_CAN_AddTxMessage
                0x0000000008001fc0      0x1b6 ./Drivers/STM32F4xx_HAL_Driver/Src/stm32f4xx_hal_can.o
                0x0000000008001fc0                HAL_CAN_AddTxMessage
 .text.HAL_CAN_GetTxMailboxesFreeLevel
                0x0000000008002176       0x6a ./Drivers/STM32F4xx_HAL_Driver/Src/stm32f4xx_hal_can.o
                0x0000000008002176                HAL_CAN_GetTxMailboxesFreeLevel
 .text.HAL_CAN_GetRxMessage
                0x00000000080021e0      0x224 ./Drivers/STM32F4xx_HAL_Driver/Src/stm32f4xx_hal_can.o
                0x00000000080021e0                HAL_CAN_GetRxMessage
 .text.HAL_CAN_ActivateNotification
                0x0000000008002404       0x4c ./Drivers/STM32F4xx_HAL_Driver/Src/stm32f4xx_hal_can.o
                0x0000000008002404                HAL_CAN_ActivateNotification
 .text.HAL_CAN_IRQHandler
                0x0000000008002450      0x36e ./Drivers/STM32F4xx_HAL_Driver/Src/stm32f4xx_hal_can.o
                0x0000000008002450                HAL_CAN_IRQHandler
 .text.HAL_CAN_TxMailbox0CompleteCallback
                0x00000000080027be       0x14 ./Drivers/STM32F4xx_HAL_Driver/Src/stm32f4xx_hal_can.o
                0x00000000080027be                HAL_CAN_TxMailbox0CompleteCallback
 .text.HAL_CAN_TxMailbox1CompleteCallback
                0x00000000080027d2       0x14 ./Drivers/STM32F4xx_HAL_Driver/Src/stm32f4xx_hal_can.o
                0x00000000080027d2                HAL_CAN_TxMailbox1CompleteCallback
 .text.HAL_CAN_TxMailbox2CompleteCallback
                0x00000000080027e6       0x14 ./Drivers/STM32F4xx_HAL_Driver/Src/stm32f4xx_hal_can.o
                0x00000000080027e6                HAL_CAN_TxMailbox2CompleteCallback
 .text.HAL_CAN_TxMailbox0AbortCallback
                0x00000000080027fa       0x14 ./Drivers/STM32F4xx_HAL_Driver/Src/stm32f4xx_hal_can.o
                0x00000000080027fa                HAL_CAN_TxMailbox0AbortCallback
 .text.HAL_CAN_TxMailbox1AbortCallback
                0x000000000800280e       0x14 ./Drivers/STM32F4xx_HAL_Driver/Src/stm32f4xx_hal_can.o
                0x000000000800280e                HAL_CAN_TxMailbox1AbortCallback
 .text.HAL_CAN_TxMailbox2AbortCallback
                0x0000000008002822       0x14 ./Drivers/STM32F4xx_HAL_Driver/Src/stm32f4xx_hal_can.o
                0x0000000008002822                HAL_CAN_TxMailbox2AbortCallback
 .text.HAL_CAN_RxFifo0MsgPendingCallback
                0x0000000008002836       0x14 ./Drivers/STM32F4xx_HAL_Driver/Src/stm32f4xx_hal_can.o
                0x0000000008002836                HAL_CAN_RxFifo0MsgPendingCallback
 .text.HAL_CAN_RxFifo0FullCallback
                0x000000000800284a       0x14 ./Drivers/STM32F4xx_HAL_Driver/Src/stm32f4xx_hal_can.o
                0x000000000800284a                HAL_CAN_RxFifo0FullCallback
 .text.HAL_CAN_RxFifo1MsgPendingCallback
                0x000000000800285e       0x14 ./Drivers/STM32F4xx_HAL_Driver/Src/stm32f4xx_hal_can.o
                0x000000000800285e                HAL_CAN_RxFifo1MsgPendingCallback
 .text.HAL_CAN_RxFifo1FullCallback
                0x0000000008002872       0x14 ./Drivers/STM32F4xx_HAL_Driver/Src/stm32f4xx_hal_can.o
                0x0000000008002872                HAL_CAN_RxFifo1FullCallback
 .text.HAL_CAN_SleepCallback
                0x0000000008002886       0x14 ./Drivers/STM32F4xx_HAL_Driver/Src/stm32f4xx_hal_can.o
                0x0000000008002886                HAL_CAN_SleepCallback
 .text.HAL_CAN_WakeUpFromRxMsgCallback
                0x000000000800289a       0x14 ./Drivers/STM32F4xx_HAL_Driver/Src/stm32f4xx_hal_can.o
                0x000000000800289a                HAL_CAN_WakeUpFromRxMsgCallback
 .text.HAL_CAN_ErrorCallback
                0x00000000080028ae       0x14 ./Drivers/STM32F4xx_HAL_Driver/Src/stm32f4xx_hal_can.o
                0x00000000080028ae                HAL_CAN_ErrorCallback
 *fill*         0x00000000080028c2        0x2 
 .text.__NVIC_SetPriorityGrouping
                0x00000000080028c4       0x48 ./Drivers/STM32F4xx_HAL_Driver/Src/stm32f4xx_hal_cortex.o
 .text.__NVIC_GetPriorityGrouping
                0x000000000800290c       0x1c ./Drivers/STM32F4xx_HAL_Driver/Src/stm32f4xx_hal_cortex.o
 .text.__NVIC_EnableIRQ
                0x0000000008002928       0x3c ./Drivers/STM32F4xx_HAL_Driver/Src/stm32f4xx_hal_cortex.o
 .text.__NVIC_SetPriority
                0x0000000008002964       0x54 ./Drivers/STM32F4xx_HAL_Driver/Src/stm32f4xx_hal_cortex.o
 .text.NVIC_EncodePriority
                0x00000000080029b8       0x66 ./Drivers/STM32F4xx_HAL_Driver/Src/stm32f4xx_hal_cortex.o
 *fill*         0x0000000008002a1e        0x2 
 .text.SysTick_Config
                0x0000000008002a20       0x44 ./Drivers/STM32F4xx_HAL_Driver/Src/stm32f4xx_hal_cortex.o
 .text.HAL_NVIC_SetPriorityGrouping
                0x0000000008002a64       0x16 ./Drivers/STM32F4xx_HAL_Driver/Src/stm32f4xx_hal_cortex.o
                0x0000000008002a64                HAL_NVIC_SetPriorityGrouping
 .text.HAL_NVIC_SetPriority
                0x0000000008002a7a       0x38 ./Drivers/STM32F4xx_HAL_Driver/Src/stm32f4xx_hal_cortex.o
                0x0000000008002a7a                HAL_NVIC_SetPriority
 .text.HAL_NVIC_EnableIRQ
                0x0000000008002ab2       0x1c ./Drivers/STM32F4xx_HAL_Driver/Src/stm32f4xx_hal_cortex.o
                0x0000000008002ab2                HAL_NVIC_EnableIRQ
 .text.HAL_SYSTICK_Config
                0x0000000008002ace       0x18 ./Drivers/STM32F4xx_HAL_Driver/Src/stm32f4xx_hal_cortex.o
                0x0000000008002ace                HAL_SYSTICK_Config
 *fill*         0x0000000008002ae6        0x2 
 .text.HAL_GPIO_Init
                0x0000000008002ae8      0x328 ./Drivers/STM32F4xx_HAL_Driver/Src/stm32f4xx_hal_gpio.o
                0x0000000008002ae8                HAL_GPIO_Init
 .text.HAL_GPIO_WritePin
                0x0000000008002e10       0x32 ./Drivers/STM32F4xx_HAL_Driver/Src/stm32f4xx_hal_gpio.o
                0x0000000008002e10                HAL_GPIO_WritePin
 *fill*         0x0000000008002e42        0x2 
 .text.HAL_RCC_ClockConfig
                0x0000000008002e44      0x1cc ./Drivers/STM32F4xx_HAL_Driver/Src/stm32f4xx_hal_rcc.o
                0x0000000008002e44                HAL_RCC_ClockConfig
 .text.HAL_RCC_GetSysClockFreq
                0x0000000008003010      0x364 ./Drivers/STM32F4xx_HAL_Driver/Src/stm32f4xx_hal_rcc_ex.o
                0x0000000008003010                HAL_RCC_GetSysClockFreq
 .text.HAL_RCC_OscConfig
                0x0000000008003374      0x53c ./Drivers/STM32F4xx_HAL_Driver/Src/stm32f4xx_hal_rcc_ex.o
                0x0000000008003374                HAL_RCC_OscConfig
 .text.HAL_TIM_Base_Init
                0x00000000080038b0       0x9e ./Drivers/STM32F4xx_HAL_Driver/Src/stm32f4xx_hal_tim.o
                0x00000000080038b0                HAL_TIM_Base_Init
 *fill*         0x000000000800394e        0x2 
 .text.HAL_TIM_Base_Start_IT
                0x0000000008003950       0xe0 ./Drivers/STM32F4xx_HAL_Driver/Src/stm32f4xx_hal_tim.o
                0x0000000008003950                HAL_TIM_Base_Start_IT
 .text.HAL_TIM_PWM_Init
                0x0000000008003a30       0x9e ./Drivers/STM32F4xx_HAL_Driver/Src/stm32f4xx_hal_tim.o
                0x0000000008003a30                HAL_TIM_PWM_Init
 *fill*         0x0000000008003ace        0x2 
 .text.HAL_TIM_PWM_Start
                0x0000000008003ad0      0x190 ./Drivers/STM32F4xx_HAL_Driver/Src/stm32f4xx_hal_tim.o
                0x0000000008003ad0                HAL_TIM_PWM_Start
 .text.HAL_TIM_Encoder_Init
                0x0000000008003c60      0x14c ./Drivers/STM32F4xx_HAL_Driver/Src/stm32f4xx_hal_tim.o
                0x0000000008003c60                HAL_TIM_Encoder_Init
 .text.HAL_TIM_Encoder_Start
                0x0000000008003dac      0x11c ./Drivers/STM32F4xx_HAL_Driver/Src/stm32f4xx_hal_tim.o
                0x0000000008003dac                HAL_TIM_Encoder_Start
 .text.HAL_TIM_IRQHandler
                0x0000000008003ec8      0x210 ./Drivers/STM32F4xx_HAL_Driver/Src/stm32f4xx_hal_tim.o
                0x0000000008003ec8                HAL_TIM_IRQHandler
 .text.HAL_TIM_PWM_ConfigChannel
                0x00000000080040d8      0x184 ./Drivers/STM32F4xx_HAL_Driver/Src/stm32f4xx_hal_tim.o
                0x00000000080040d8                HAL_TIM_PWM_ConfigChannel
 .text.HAL_TIM_PeriodElapsedCallback
                0x000000000800425c       0x14 ./Drivers/STM32F4xx_HAL_Driver/Src/stm32f4xx_hal_tim.o
                0x000000000800425c                HAL_TIM_PeriodElapsedCallback
 .text.HAL_TIM_OC_DelayElapsedCallback
                0x0000000008004270       0x14 ./Drivers/STM32F4xx_HAL_Driver/Src/stm32f4xx_hal_tim.o
                0x0000000008004270                HAL_TIM_OC_DelayElapsedCallback
 .text.HAL_TIM_IC_CaptureCallback
                0x0000000008004284       0x14 ./Drivers/STM32F4xx_HAL_Driver/Src/stm32f4xx_hal_tim.o
                0x0000000008004284                HAL_TIM_IC_CaptureCallback
 .text.HAL_TIM_PWM_PulseFinishedCallback
                0x0000000008004298       0x14 ./Drivers/STM32F4xx_HAL_Driver/Src/stm32f4xx_hal_tim.o
                0x0000000008004298                HAL_TIM_PWM_PulseFinishedCallback
 .text.HAL_TIM_TriggerCallback
                0x00000000080042ac       0x14 ./Drivers/STM32F4xx_HAL_Driver/Src/stm32f4xx_hal_tim.o
                0x00000000080042ac                HAL_TIM_TriggerCallback
 .text.TIM_Base_SetConfig
                0x00000000080042c0      0x140 ./Drivers/STM32F4xx_HAL_Driver/Src/stm32f4xx_hal_tim.o
                0x00000000080042c0                TIM_Base_SetConfig
 .text.TIM_OC1_SetConfig
                0x0000000008004400       0xe0 ./Drivers/STM32F4xx_HAL_Driver/Src/stm32f4xx_hal_tim.o
 .text.TIM_OC2_SetConfig
                0x00000000080044e0       0xec ./Drivers/STM32F4xx_HAL_Driver/Src/stm32f4xx_hal_tim.o
                0x00000000080044e0                TIM_OC2_SetConfig
 .text.TIM_OC3_SetConfig
                0x00000000080045cc       0xe8 ./Drivers/STM32F4xx_HAL_Driver/Src/stm32f4xx_hal_tim.o
 .text.TIM_OC4_SetConfig
                0x00000000080046b4       0xac ./Drivers/STM32F4xx_HAL_Driver/Src/stm32f4xx_hal_tim.o
 .text.TIM_CCxChannelCmd
                0x0000000008004760       0x4a ./Drivers/STM32F4xx_HAL_Driver/Src/stm32f4xx_hal_tim.o
                0x0000000008004760                TIM_CCxChannelCmd
 *fill*         0x00000000080047aa        0x2 
 .text.HAL_TIMEx_MasterConfigSynchronization
                0x00000000080047ac       0xf8 ./Drivers/STM32F4xx_HAL_Driver/Src/stm32f4xx_hal_tim_ex.o
                0x00000000080047ac                HAL_TIMEx_MasterConfigSynchronization
 .text.HAL_TIMEx_ConfigBreakDeadTime
                0x00000000080048a4       0xa4 ./Drivers/STM32F4xx_HAL_Driver/Src/stm32f4xx_hal_tim_ex.o
                0x00000000080048a4                HAL_TIMEx_ConfigBreakDeadTime
 .text.HAL_TIMEx_CommutCallback
                0x0000000008004948       0x14 ./Drivers/STM32F4xx_HAL_Driver/Src/stm32f4xx_hal_tim_ex.o
                0x0000000008004948                HAL_TIMEx_CommutCallback
 .text.HAL_TIMEx_BreakCallback
                0x000000000800495c       0x14 ./Drivers/STM32F4xx_HAL_Driver/Src/stm32f4xx_hal_tim_ex.o
                0x000000000800495c                HAL_TIMEx_BreakCallback
 .text.__libc_init_array
                0x0000000008004970       0x48 c:/1.my_files/software/st/stm32cubeide_1.8.0/stm32cubeide/plugins/com.st.stm32cube.ide.mcu.externaltools.gnu-tools-for-stm32.9-2020-q2-update.win32_2.0.0.202105311346/tools/bin/../lib/gcc/arm-none-eabi/9.3.1/../../../../arm-none-eabi/lib/thumb/v7e-m+fp/hard\libc_nano.a(lib_a-init.o)
                0x0000000008004970                __libc_init_array
 .text.memset   0x00000000080049b8       0x10 c:/1.my_files/software/st/stm32cubeide_1.8.0/stm32cubeide/plugins/com.st.stm32cube.ide.mcu.externaltools.gnu-tools-for-stm32.9-2020-q2-update.win32_2.0.0.202105311346/tools/bin/../lib/gcc/arm-none-eabi/9.3.1/../../../../arm-none-eabi/lib/thumb/v7e-m+fp/hard\libc_nano.a(lib_a-memset.o)
                0x00000000080049b8                memset
 *(.glue_7)
 .glue_7        0x00000000080049c8        0x0 linker stubs
 *(.glue_7t)
 .glue_7t       0x00000000080049c8        0x0 linker stubs
 *(.eh_frame)
 .eh_frame      0x00000000080049c8        0x0 c:/1.my_files/software/st/stm32cubeide_1.8.0/stm32cubeide/plugins/com.st.stm32cube.ide.mcu.externaltools.gnu-tools-for-stm32.9-2020-q2-update.win32_2.0.0.202105311346/tools/bin/../lib/gcc/arm-none-eabi/9.3.1/thumb/v7e-m+fp/hard/crtbegin.o
 *(.init)
 .init          0x00000000080049c8        0x4 c:/1.my_files/software/st/stm32cubeide_1.8.0/stm32cubeide/plugins/com.st.stm32cube.ide.mcu.externaltools.gnu-tools-for-stm32.9-2020-q2-update.win32_2.0.0.202105311346/tools/bin/../lib/gcc/arm-none-eabi/9.3.1/thumb/v7e-m+fp/hard/crti.o
                0x00000000080049c8                _init
 .init          0x00000000080049cc        0x8 c:/1.my_files/software/st/stm32cubeide_1.8.0/stm32cubeide/plugins/com.st.stm32cube.ide.mcu.externaltools.gnu-tools-for-stm32.9-2020-q2-update.win32_2.0.0.202105311346/tools/bin/../lib/gcc/arm-none-eabi/9.3.1/thumb/v7e-m+fp/hard/crtn.o
 *(.fini)
 .fini          0x00000000080049d4        0x4 c:/1.my_files/software/st/stm32cubeide_1.8.0/stm32cubeide/plugins/com.st.stm32cube.ide.mcu.externaltools.gnu-tools-for-stm32.9-2020-q2-update.win32_2.0.0.202105311346/tools/bin/../lib/gcc/arm-none-eabi/9.3.1/thumb/v7e-m+fp/hard/crti.o
                0x00000000080049d4                _fini
 .fini          0x00000000080049d8        0x8 c:/1.my_files/software/st/stm32cubeide_1.8.0/stm32cubeide/plugins/com.st.stm32cube.ide.mcu.externaltools.gnu-tools-for-stm32.9-2020-q2-update.win32_2.0.0.202105311346/tools/bin/../lib/gcc/arm-none-eabi/9.3.1/thumb/v7e-m+fp/hard/crtn.o
                0x00000000080049e0                . = ALIGN (0x4)
                0x00000000080049e0                _etext = .

.vfp11_veneer   0x00000000080049e0        0x0
 .vfp11_veneer  0x00000000080049e0        0x0 linker stubs

.v4_bx          0x00000000080049e0        0x0
 .v4_bx         0x00000000080049e0        0x0 linker stubs

.iplt           0x00000000080049e0        0x0
 .iplt          0x00000000080049e0        0x0 c:/1.my_files/software/st/stm32cubeide_1.8.0/stm32cubeide/plugins/com.st.stm32cube.ide.mcu.externaltools.gnu-tools-for-stm32.9-2020-q2-update.win32_2.0.0.202105311346/tools/bin/../lib/gcc/arm-none-eabi/9.3.1/thumb/v7e-m+fp/hard/crtbegin.o

.rodata         0x00000000080049e0       0x10
                0x00000000080049e0                . = ALIGN (0x4)
 *(.rodata)
 *(.rodata*)
 .rodata.AHBPrescTable
                0x00000000080049e0       0x10 ./Core/Src/system_stm32f4xx.o
                0x00000000080049e0                AHBPrescTable
                0x00000000080049f0                . = ALIGN (0x4)

.ARM.extab      0x00000000080049f0        0x0
                0x00000000080049f0                . = ALIGN (0x4)
 *(.ARM.extab* .gnu.linkonce.armextab.*)
                0x00000000080049f0                . = ALIGN (0x4)

.ARM            0x00000000080049f0        0x8
                0x00000000080049f0                . = ALIGN (0x4)
                0x00000000080049f0                __exidx_start = .
 *(.ARM.exidx*)
 .ARM.exidx     0x00000000080049f0        0x8 c:/1.my_files/software/st/stm32cubeide_1.8.0/stm32cubeide/plugins/com.st.stm32cube.ide.mcu.externaltools.gnu-tools-for-stm32.9-2020-q2-update.win32_2.0.0.202105311346/tools/bin/../lib/gcc/arm-none-eabi/9.3.1/thumb/v7e-m+fp/hard\libgcc.a(_udivmoddi4.o)
                0x00000000080049f8                __exidx_end = .
                0x00000000080049f8                . = ALIGN (0x4)

.rel.dyn        0x00000000080049f8        0x0
 .rel.iplt      0x00000000080049f8        0x0 c:/1.my_files/software/st/stm32cubeide_1.8.0/stm32cubeide/plugins/com.st.stm32cube.ide.mcu.externaltools.gnu-tools-for-stm32.9-2020-q2-update.win32_2.0.0.202105311346/tools/bin/../lib/gcc/arm-none-eabi/9.3.1/thumb/v7e-m+fp/hard/crtbegin.o

.preinit_array  0x00000000080049f8        0x0
                0x00000000080049f8                . = ALIGN (0x4)
                0x00000000080049f8                PROVIDE (__preinit_array_start = .)
 *(.preinit_array*)
                0x00000000080049f8                PROVIDE (__preinit_array_end = .)
                0x00000000080049f8                . = ALIGN (0x4)

.init_array     0x00000000080049f8        0x4
                0x00000000080049f8                . = ALIGN (0x4)
                0x00000000080049f8                PROVIDE (__init_array_start = .)
 *(SORT_BY_NAME(.init_array.*))
 *(.init_array*)
 .init_array    0x00000000080049f8        0x4 c:/1.my_files/software/st/stm32cubeide_1.8.0/stm32cubeide/plugins/com.st.stm32cube.ide.mcu.externaltools.gnu-tools-for-stm32.9-2020-q2-update.win32_2.0.0.202105311346/tools/bin/../lib/gcc/arm-none-eabi/9.3.1/thumb/v7e-m+fp/hard/crtbegin.o
                0x00000000080049fc                PROVIDE (__init_array_end = .)
                0x00000000080049fc                . = ALIGN (0x4)

.fini_array     0x00000000080049fc        0x4
                0x00000000080049fc                . = ALIGN (0x4)
                [!provide]                        PROVIDE (__fini_array_start = .)
 *(SORT_BY_NAME(.fini_array.*))
 *(.fini_array*)
 .fini_array    0x00000000080049fc        0x4 c:/1.my_files/software/st/stm32cubeide_1.8.0/stm32cubeide/plugins/com.st.stm32cube.ide.mcu.externaltools.gnu-tools-for-stm32.9-2020-q2-update.win32_2.0.0.202105311346/tools/bin/../lib/gcc/arm-none-eabi/9.3.1/thumb/v7e-m+fp/hard/crtbegin.o
                [!provide]                        PROVIDE (__fini_array_end = .)
                0x0000000008004a00                . = ALIGN (0x4)
                0x0000000008004a00                _sidata = LOADADDR (.data)

.data           0x0000000020000000       0x14 load address 0x0000000008004a00
                0x0000000020000000                . = ALIGN (0x4)
                0x0000000020000000                _sdata = .
 *(.data)
 *(.data*)
 .data.pulse    0x0000000020000000        0x4 ./Core/Src/main.o
                0x0000000020000000                pulse
 .data.odom_target_velocity
                0x0000000020000004        0x4 ./Core/Src/main.o
                0x0000000020000004                odom_target_velocity
 .data.SystemCoreClock
                0x0000000020000008        0x4 ./Core/Src/system_stm32f4xx.o
                0x0000000020000008                SystemCoreClock
 .data.uwTickPrio
                0x000000002000000c        0x4 ./Drivers/STM32F4xx_HAL_Driver/Src/stm32f4xx_hal.o
                0x000000002000000c                uwTickPrio
 .data.uwTickFreq
                0x0000000020000010        0x1 ./Drivers/STM32F4xx_HAL_Driver/Src/stm32f4xx_hal.o
                0x0000000020000010                uwTickFreq
 *(.RamFunc)
 *(.RamFunc*)
                0x0000000020000014                . = ALIGN (0x4)
 *fill*         0x0000000020000011        0x3 
                0x0000000020000014                _edata = .

.igot.plt       0x0000000020000014        0x0 load address 0x0000000008004a14
 .igot.plt      0x0000000020000014        0x0 c:/1.my_files/software/st/stm32cubeide_1.8.0/stm32cubeide/plugins/com.st.stm32cube.ide.mcu.externaltools.gnu-tools-for-stm32.9-2020-q2-update.win32_2.0.0.202105311346/tools/bin/../lib/gcc/arm-none-eabi/9.3.1/thumb/v7e-m+fp/hard/crtbegin.o
                0x0000000020000014                . = ALIGN (0x4)

.bss            0x0000000020000018      0x1b8 load address 0x0000000008004a14
                0x0000000020000018                _sbss = .
                0x0000000020000018                __bss_start__ = _sbss
 *(.bss)
 .bss           0x0000000020000018       0x1c c:/1.my_files/software/st/stm32cubeide_1.8.0/stm32cubeide/plugins/com.st.stm32cube.ide.mcu.externaltools.gnu-tools-for-stm32.9-2020-q2-update.win32_2.0.0.202105311346/tools/bin/../lib/gcc/arm-none-eabi/9.3.1/thumb/v7e-m+fp/hard/crtbegin.o
 *(.bss*)
 .bss.ID_Accepted
                0x0000000020000034        0x4 ./Core/Src/main.o
                0x0000000020000034                ID_Accepted
 .bss.odom_prev
                0x0000000020000038        0x4 ./Core/Src/main.o
                0x0000000020000038                odom_prev
 .bss.odom_curr
                0x000000002000003c        0x4 ./Core/Src/main.o
                0x000000002000003c                odom_curr
 .bss.odom_velocity
                0x0000000020000040        0x4 ./Core/Src/main.o
                0x0000000020000040                odom_velocity
 .bss.odom_prev_velocity
                0x0000000020000044        0x4 ./Core/Src/main.o
                0x0000000020000044                odom_prev_velocity
 .bss.odom_acceleration
                0x0000000020000048        0x4 ./Core/Src/main.o
                0x0000000020000048                odom_acceleration
 .bss.odom_rs_velocity
                0x000000002000004c        0x4 ./Core/Src/main.o
                0x000000002000004c                odom_rs_velocity
 .bss.PD_Value  0x0000000020000050        0x4 ./Core/Src/stm32f4xx_it.o
                0x0000000020000050                PD_Value
 .bss.flag      0x0000000020000054        0x4 ./Core/Src/stm32f4xx_it.o
                0x0000000020000054                flag
 *(COMMON)
 COMMON         0x0000000020000058      0x174 ./Core/Src/main.o
                0x0000000020000058                htim8
                0x00000000200000a0                htim3
                0x00000000200000e8                TxData
                0x00000000200000f0                canfilterconfig
                0x0000000020000118                TxMailbox
                0x0000000020000120                RxData
                0x0000000020000128                hcan1
                0x0000000020000150                TxHeader
                0x0000000020000168                RxHeader
                0x0000000020000184                htim7
 COMMON         0x00000000200001cc        0x4 ./Drivers/STM32F4xx_HAL_Driver/Src/stm32f4xx_hal.o
                0x00000000200001cc                uwTick
                0x00000000200001d0                . = ALIGN (0x4)
                0x00000000200001d0                _ebss = .
                0x00000000200001d0                __bss_end__ = _ebss

._user_heap_stack
                0x00000000200001d0      0x600 load address 0x0000000008004a14
                0x00000000200001d0                . = ALIGN (0x8)
                [!provide]                        PROVIDE (end = .)
                0x00000000200001d0                PROVIDE (_end = .)
                0x00000000200003d0                . = (. + _Min_Heap_Size)
 *fill*         0x00000000200001d0      0x200 
                0x00000000200007d0                . = (. + _Min_Stack_Size)
 *fill*         0x00000000200003d0      0x400 
                0x00000000200007d0                . = ALIGN (0x8)

/DISCARD/
 libc.a(*)
 libm.a(*)
 libgcc.a(*)

.ARM.attributes
                0x0000000000000000       0x30
 *(.ARM.attributes)
 .ARM.attributes
                0x0000000000000000       0x1e c:/1.my_files/software/st/stm32cubeide_1.8.0/stm32cubeide/plugins/com.st.stm32cube.ide.mcu.externaltools.gnu-tools-for-stm32.9-2020-q2-update.win32_2.0.0.202105311346/tools/bin/../lib/gcc/arm-none-eabi/9.3.1/thumb/v7e-m+fp/hard/crti.o
 .ARM.attributes
                0x000000000000001e       0x34 c:/1.my_files/software/st/stm32cubeide_1.8.0/stm32cubeide/plugins/com.st.stm32cube.ide.mcu.externaltools.gnu-tools-for-stm32.9-2020-q2-update.win32_2.0.0.202105311346/tools/bin/../lib/gcc/arm-none-eabi/9.3.1/thumb/v7e-m+fp/hard/crtbegin.o
 .ARM.attributes
                0x0000000000000052       0x34 ./Core/Src/main.o
 .ARM.attributes
                0x0000000000000086       0x34 ./Core/Src/stm32f4xx_hal_msp.o
 .ARM.attributes
                0x00000000000000ba       0x34 ./Core/Src/stm32f4xx_it.o
 .ARM.attributes
                0x00000000000000ee       0x34 ./Core/Src/system_stm32f4xx.o
 .ARM.attributes
                0x0000000000000122       0x21 ./Core/Startup/startup_stm32f446retx.o
 .ARM.attributes
                0x0000000000000143       0x34 ./Drivers/STM32F4xx_HAL_Driver/Src/stm32f4xx_hal.o
 .ARM.attributes
                0x0000000000000177       0x34 ./Drivers/STM32F4xx_HAL_Driver/Src/stm32f4xx_hal_can.o
 .ARM.attributes
                0x00000000000001ab       0x34 ./Drivers/STM32F4xx_HAL_Driver/Src/stm32f4xx_hal_cortex.o
 .ARM.attributes
                0x00000000000001df       0x34 ./Drivers/STM32F4xx_HAL_Driver/Src/stm32f4xx_hal_gpio.o
 .ARM.attributes
                0x0000000000000213       0x34 ./Drivers/STM32F4xx_HAL_Driver/Src/stm32f4xx_hal_rcc.o
 .ARM.attributes
                0x0000000000000247       0x34 ./Drivers/STM32F4xx_HAL_Driver/Src/stm32f4xx_hal_rcc_ex.o
 .ARM.attributes
                0x000000000000027b       0x34 ./Drivers/STM32F4xx_HAL_Driver/Src/stm32f4xx_hal_tim.o
 .ARM.attributes
                0x00000000000002af       0x34 ./Drivers/STM32F4xx_HAL_Driver/Src/stm32f4xx_hal_tim_ex.o
 .ARM.attributes
                0x00000000000002e3       0x34 c:/1.my_files/software/st/stm32cubeide_1.8.0/stm32cubeide/plugins/com.st.stm32cube.ide.mcu.externaltools.gnu-tools-for-stm32.9-2020-q2-update.win32_2.0.0.202105311346/tools/bin/../lib/gcc/arm-none-eabi/9.3.1/../../../../arm-none-eabi/lib/thumb/v7e-m+fp/hard\libc_nano.a(lib_a-init.o)
 .ARM.attributes
                0x0000000000000317       0x34 c:/1.my_files/software/st/stm32cubeide_1.8.0/stm32cubeide/plugins/com.st.stm32cube.ide.mcu.externaltools.gnu-tools-for-stm32.9-2020-q2-update.win32_2.0.0.202105311346/tools/bin/../lib/gcc/arm-none-eabi/9.3.1/../../../../arm-none-eabi/lib/thumb/v7e-m+fp/hard\libc_nano.a(lib_a-memset.o)
 .ARM.attributes
                0x000000000000034b       0x1e c:/1.my_files/software/st/stm32cubeide_1.8.0/stm32cubeide/plugins/com.st.stm32cube.ide.mcu.externaltools.gnu-tools-for-stm32.9-2020-q2-update.win32_2.0.0.202105311346/tools/bin/../lib/gcc/arm-none-eabi/9.3.1/thumb/v7e-m+fp/hard\libgcc.a(_arm_addsubdf3.o)
 .ARM.attributes
                0x0000000000000369       0x1e c:/1.my_files/software/st/stm32cubeide_1.8.0/stm32cubeide/plugins/com.st.stm32cube.ide.mcu.externaltools.gnu-tools-for-stm32.9-2020-q2-update.win32_2.0.0.202105311346/tools/bin/../lib/gcc/arm-none-eabi/9.3.1/thumb/v7e-m+fp/hard\libgcc.a(_arm_muldivdf3.o)
 .ARM.attributes
                0x0000000000000387       0x1e c:/1.my_files/software/st/stm32cubeide_1.8.0/stm32cubeide/plugins/com.st.stm32cube.ide.mcu.externaltools.gnu-tools-for-stm32.9-2020-q2-update.win32_2.0.0.202105311346/tools/bin/../lib/gcc/arm-none-eabi/9.3.1/thumb/v7e-m+fp/hard\libgcc.a(_arm_fixdfsi.o)
 .ARM.attributes
                0x00000000000003a5       0x1e c:/1.my_files/software/st/stm32cubeide_1.8.0/stm32cubeide/plugins/com.st.stm32cube.ide.mcu.externaltools.gnu-tools-for-stm32.9-2020-q2-update.win32_2.0.0.202105311346/tools/bin/../lib/gcc/arm-none-eabi/9.3.1/thumb/v7e-m+fp/hard\libgcc.a(_arm_truncdfsf2.o)
 .ARM.attributes
                0x00000000000003c3       0x1e c:/1.my_files/software/st/stm32cubeide_1.8.0/stm32cubeide/plugins/com.st.stm32cube.ide.mcu.externaltools.gnu-tools-for-stm32.9-2020-q2-update.win32_2.0.0.202105311346/tools/bin/../lib/gcc/arm-none-eabi/9.3.1/thumb/v7e-m+fp/hard\libgcc.a(_aeabi_uldivmod.o)
 .ARM.attributes
                0x00000000000003e1       0x34 c:/1.my_files/software/st/stm32cubeide_1.8.0/stm32cubeide/plugins/com.st.stm32cube.ide.mcu.externaltools.gnu-tools-for-stm32.9-2020-q2-update.win32_2.0.0.202105311346/tools/bin/../lib/gcc/arm-none-eabi/9.3.1/thumb/v7e-m+fp/hard\libgcc.a(_udivmoddi4.o)
 .ARM.attributes
                0x0000000000000415       0x1e c:/1.my_files/software/st/stm32cubeide_1.8.0/stm32cubeide/plugins/com.st.stm32cube.ide.mcu.externaltools.gnu-tools-for-stm32.9-2020-q2-update.win32_2.0.0.202105311346/tools/bin/../lib/gcc/arm-none-eabi/9.3.1/thumb/v7e-m+fp/hard\libgcc.a(_dvmd_tls.o)
 .ARM.attributes
                0x0000000000000433       0x1e c:/1.my_files/software/st/stm32cubeide_1.8.0/stm32cubeide/plugins/com.st.stm32cube.ide.mcu.externaltools.gnu-tools-for-stm32.9-2020-q2-update.win32_2.0.0.202105311346/tools/bin/../lib/gcc/arm-none-eabi/9.3.1/thumb/v7e-m+fp/hard/crtn.o
OUTPUT(Final_Motor_Odom.elf elf32-littlearm)
LOAD linker stubs
LOAD c:/1.my_files/software/st/stm32cubeide_1.8.0/stm32cubeide/plugins/com.st.stm32cube.ide.mcu.externaltools.gnu-tools-for-stm32.9-2020-q2-update.win32_2.0.0.202105311346/tools/bin/../lib/gcc/arm-none-eabi/9.3.1/../../../../arm-none-eabi/lib/thumb/v7e-m+fp/hard\libc.a
LOAD c:/1.my_files/software/st/stm32cubeide_1.8.0/stm32cubeide/plugins/com.st.stm32cube.ide.mcu.externaltools.gnu-tools-for-stm32.9-2020-q2-update.win32_2.0.0.202105311346/tools/bin/../lib/gcc/arm-none-eabi/9.3.1/../../../../arm-none-eabi/lib/thumb/v7e-m+fp/hard\libm.a
LOAD c:/1.my_files/software/st/stm32cubeide_1.8.0/stm32cubeide/plugins/com.st.stm32cube.ide.mcu.externaltools.gnu-tools-for-stm32.9-2020-q2-update.win32_2.0.0.202105311346/tools/bin/../lib/gcc/arm-none-eabi/9.3.1/thumb/v7e-m+fp/hard\libgcc.a

.debug_info     0x0000000000000000     0xc93f
 .debug_info    0x0000000000000000     0x17a5 ./Core/Src/main.o
 .debug_info    0x00000000000017a5     0x1316 ./Core/Src/stm32f4xx_hal_msp.o
 .debug_info    0x0000000000002abb     0x1043 ./Core/Src/stm32f4xx_it.o
 .debug_info    0x0000000000003afe      0x5dc ./Core/Src/system_stm32f4xx.o
 .debug_info    0x00000000000040da       0x22 ./Core/Startup/startup_stm32f446retx.o
 .debug_info    0x00000000000040fc      0xa08 ./Drivers/STM32F4xx_HAL_Driver/Src/stm32f4xx_hal.o
 .debug_info    0x0000000000004b04     0x108f ./Drivers/STM32F4xx_HAL_Driver/Src/stm32f4xx_hal_can.o
 .debug_info    0x0000000000005b93      0xef5 ./Drivers/STM32F4xx_HAL_Driver/Src/stm32f4xx_hal_cortex.o
 .debug_info    0x0000000000006a88      0x892 ./Drivers/STM32F4xx_HAL_Driver/Src/stm32f4xx_hal_gpio.o
 .debug_info    0x000000000000731a      0x9db ./Drivers/STM32F4xx_HAL_Driver/Src/stm32f4xx_hal_rcc.o
 .debug_info    0x0000000000007cf5      0xa86 ./Drivers/STM32F4xx_HAL_Driver/Src/stm32f4xx_hal_rcc_ex.o
 .debug_info    0x000000000000877b     0x2c22 ./Drivers/STM32F4xx_HAL_Driver/Src/stm32f4xx_hal_tim.o
 .debug_info    0x000000000000b39d     0x15a2 ./Drivers/STM32F4xx_HAL_Driver/Src/stm32f4xx_hal_tim_ex.o

.debug_abbrev   0x0000000000000000     0x1bc3
 .debug_abbrev  0x0000000000000000      0x2f4 ./Core/Src/main.o
 .debug_abbrev  0x00000000000002f4      0x25e ./Core/Src/stm32f4xx_hal_msp.o
 .debug_abbrev  0x0000000000000552      0x29f ./Core/Src/stm32f4xx_it.o
 .debug_abbrev  0x00000000000007f1      0x145 ./Core/Src/system_stm32f4xx.o
 .debug_abbrev  0x0000000000000936       0x12 ./Core/Startup/startup_stm32f446retx.o
 .debug_abbrev  0x0000000000000948      0x1ed ./Drivers/STM32F4xx_HAL_Driver/Src/stm32f4xx_hal.o
 .debug_abbrev  0x0000000000000b35      0x246 ./Drivers/STM32F4xx_HAL_Driver/Src/stm32f4xx_hal_can.o
 .debug_abbrev  0x0000000000000d7b      0x33c ./Drivers/STM32F4xx_HAL_Driver/Src/stm32f4xx_hal_cortex.o
 .debug_abbrev  0x00000000000010b7      0x1f1 ./Drivers/STM32F4xx_HAL_Driver/Src/stm32f4xx_hal_gpio.o
 .debug_abbrev  0x00000000000012a8      0x275 ./Drivers/STM32F4xx_HAL_Driver/Src/stm32f4xx_hal_rcc.o
 .debug_abbrev  0x000000000000151d      0x1e2 ./Drivers/STM32F4xx_HAL_Driver/Src/stm32f4xx_hal_rcc_ex.o
 .debug_abbrev  0x00000000000016ff      0x25e ./Drivers/STM32F4xx_HAL_Driver/Src/stm32f4xx_hal_tim.o
 .debug_abbrev  0x000000000000195d      0x266 ./Drivers/STM32F4xx_HAL_Driver/Src/stm32f4xx_hal_tim_ex.o

.debug_aranges  0x0000000000000000      0xba8
 .debug_aranges
                0x0000000000000000       0x88 ./Core/Src/main.o
 .debug_aranges
                0x0000000000000088       0x68 ./Core/Src/stm32f4xx_hal_msp.o
 .debug_aranges
                0x00000000000000f0       0x98 ./Core/Src/stm32f4xx_it.o
 .debug_aranges
                0x0000000000000188       0x28 ./Core/Src/system_stm32f4xx.o
 .debug_aranges
                0x00000000000001b0       0x28 ./Core/Startup/startup_stm32f446retx.o
 .debug_aranges
                0x00000000000001d8       0xf0 ./Drivers/STM32F4xx_HAL_Driver/Src/stm32f4xx_hal.o
 .debug_aranges
                0x00000000000002c8      0x138 ./Drivers/STM32F4xx_HAL_Driver/Src/stm32f4xx_hal_can.o
 .debug_aranges
                0x0000000000000400      0x118 ./Drivers/STM32F4xx_HAL_Driver/Src/stm32f4xx_hal_cortex.o
 .debug_aranges
                0x0000000000000518       0x58 ./Drivers/STM32F4xx_HAL_Driver/Src/stm32f4xx_hal_gpio.o
 .debug_aranges
                0x0000000000000570       0x88 ./Drivers/STM32F4xx_HAL_Driver/Src/stm32f4xx_hal_rcc.o
 .debug_aranges
                0x00000000000005f8       0x78 ./Drivers/STM32F4xx_HAL_Driver/Src/stm32f4xx_hal_rcc_ex.o
 .debug_aranges
                0x0000000000000670      0x3d0 ./Drivers/STM32F4xx_HAL_Driver/Src/stm32f4xx_hal_tim.o
 .debug_aranges
                0x0000000000000a40      0x168 ./Drivers/STM32F4xx_HAL_Driver/Src/stm32f4xx_hal_tim_ex.o

.debug_ranges   0x0000000000000000      0xae0
 .debug_ranges  0x0000000000000000       0x78 ./Core/Src/main.o
 .debug_ranges  0x0000000000000078       0x58 ./Core/Src/stm32f4xx_hal_msp.o
 .debug_ranges  0x00000000000000d0       0x88 ./Core/Src/stm32f4xx_it.o
 .debug_ranges  0x0000000000000158       0x18 ./Core/Src/system_stm32f4xx.o
 .debug_ranges  0x0000000000000170       0x20 ./Core/Startup/startup_stm32f446retx.o
 .debug_ranges  0x0000000000000190       0xe0 ./Drivers/STM32F4xx_HAL_Driver/Src/stm32f4xx_hal.o
 .debug_ranges  0x0000000000000270      0x128 ./Drivers/STM32F4xx_HAL_Driver/Src/stm32f4xx_hal_can.o
 .debug_ranges  0x0000000000000398      0x108 ./Drivers/STM32F4xx_HAL_Driver/Src/stm32f4xx_hal_cortex.o
 .debug_ranges  0x00000000000004a0       0x48 ./Drivers/STM32F4xx_HAL_Driver/Src/stm32f4xx_hal_gpio.o
 .debug_ranges  0x00000000000004e8       0x78 ./Drivers/STM32F4xx_HAL_Driver/Src/stm32f4xx_hal_rcc.o
 .debug_ranges  0x0000000000000560       0x68 ./Drivers/STM32F4xx_HAL_Driver/Src/stm32f4xx_hal_rcc_ex.o
 .debug_ranges  0x00000000000005c8      0x3c0 ./Drivers/STM32F4xx_HAL_Driver/Src/stm32f4xx_hal_tim.o
 .debug_ranges  0x0000000000000988      0x158 ./Drivers/STM32F4xx_HAL_Driver/Src/stm32f4xx_hal_tim_ex.o

.debug_macro    0x0000000000000000    0x21051
 .debug_macro   0x0000000000000000      0x1dd ./Core/Src/main.o
 .debug_macro   0x00000000000001dd      0xaa8 ./Core/Src/main.o
 .debug_macro   0x0000000000000c85      0x29b ./Core/Src/main.o
 .debug_macro   0x0000000000000f20       0x2e ./Core/Src/main.o
 .debug_macro   0x0000000000000f4e       0x28 ./Core/Src/main.o
 .debug_macro   0x0000000000000f76       0x22 ./Core/Src/main.o
 .debug_macro   0x0000000000000f98       0x8e ./Core/Src/main.o
 .debug_macro   0x0000000000001026       0x51 ./Core/Src/main.o
 .debug_macro   0x0000000000001077      0x103 ./Core/Src/main.o
 .debug_macro   0x000000000000117a       0x6a ./Core/Src/main.o
 .debug_macro   0x00000000000011e4      0x1df ./Core/Src/main.o
 .debug_macro   0x00000000000013c3       0x1c ./Core/Src/main.o
 .debug_macro   0x00000000000013df       0x22 ./Core/Src/main.o
 .debug_macro   0x0000000000001401       0xdf ./Core/Src/main.o
 .debug_macro   0x00000000000014e0     0x102d ./Core/Src/main.o
 .debug_macro   0x000000000000250d      0x11f ./Core/Src/main.o
 .debug_macro   0x000000000000262c    0x16749 ./Core/Src/main.o
 .debug_macro   0x0000000000018d75       0x6d ./Core/Src/main.o
 .debug_macro   0x0000000000018de2     0x3666 ./Core/Src/main.o
 .debug_macro   0x000000000001c448      0x174 ./Core/Src/main.o
 .debug_macro   0x000000000001c5bc       0x5c ./Core/Src/main.o
 .debug_macro   0x000000000001c618      0xc90 ./Core/Src/main.o
 .debug_macro   0x000000000001d2a8      0x9fe ./Core/Src/main.o
 .debug_macro   0x000000000001dca6      0x116 ./Core/Src/main.o
 .debug_macro   0x000000000001ddbc      0x1a0 ./Core/Src/main.o
 .debug_macro   0x000000000001df5c       0xa5 ./Core/Src/main.o
 .debug_macro   0x000000000001e001      0x16d ./Core/Src/main.o
 .debug_macro   0x000000000001e16e      0x287 ./Core/Src/main.o
 .debug_macro   0x000000000001e3f5       0x5f ./Core/Src/main.o
 .debug_macro   0x000000000001e454      0x236 ./Core/Src/main.o
 .debug_macro   0x000000000001e68a      0x40f ./Core/Src/main.o
 .debug_macro   0x000000000001ea99      0x132 ./Core/Src/main.o
 .debug_macro   0x000000000001ebcb      0x29c ./Core/Src/main.o
 .debug_macro   0x000000000001ee67       0x2e ./Core/Src/main.o
 .debug_macro   0x000000000001ee95      0x11a ./Core/Src/main.o
 .debug_macro   0x000000000001efaf       0xe8 ./Core/Src/main.o
 .debug_macro   0x000000000001f097       0x89 ./Core/Src/main.o
 .debug_macro   0x000000000001f120      0x8d1 ./Core/Src/main.o
 .debug_macro   0x000000000001f9f1       0x4d ./Core/Src/main.o
 .debug_macro   0x000000000001fa3e      0x126 ./Core/Src/main.o
 .debug_macro   0x000000000001fb64       0x58 ./Core/Src/main.o
 .debug_macro   0x000000000001fbbc      0x1dd ./Core/Src/stm32f4xx_hal_msp.o
 .debug_macro   0x000000000001fd99      0x1e7 ./Core/Src/stm32f4xx_it.o
 .debug_macro   0x000000000001ff80      0x1ce ./Core/Src/system_stm32f4xx.o
 .debug_macro   0x000000000002014e      0x22e ./Drivers/STM32F4xx_HAL_Driver/Src/stm32f4xx_hal.o
 .debug_macro   0x000000000002037c      0x1d6 ./Drivers/STM32F4xx_HAL_Driver/Src/stm32f4xx_hal_can.o
 .debug_macro   0x0000000000020552      0x1ce ./Drivers/STM32F4xx_HAL_Driver/Src/stm32f4xx_hal_cortex.o
 .debug_macro   0x0000000000020720      0x1d4 ./Drivers/STM32F4xx_HAL_Driver/Src/stm32f4xx_hal_gpio.o
 .debug_macro   0x00000000000208f4      0x1f2 ./Drivers/STM32F4xx_HAL_Driver/Src/stm32f4xx_hal_rcc.o
 .debug_macro   0x0000000000020ae6      0x1ce ./Drivers/STM32F4xx_HAL_Driver/Src/stm32f4xx_hal_rcc_ex.o
 .debug_macro   0x0000000000020cb4      0x1cf ./Drivers/STM32F4xx_HAL_Driver/Src/stm32f4xx_hal_tim.o
 .debug_macro   0x0000000000020e83      0x1ce ./Drivers/STM32F4xx_HAL_Driver/Src/stm32f4xx_hal_tim_ex.o

.debug_line     0x0000000000000000     0xcc16
 .debug_line    0x0000000000000000      0xa47 ./Core/Src/main.o
 .debug_line    0x0000000000000a47      0x884 ./Core/Src/stm32f4xx_hal_msp.o
 .debug_line    0x00000000000012cb      0x999 ./Core/Src/stm32f4xx_it.o
 .debug_line    0x0000000000001c64      0x7c6 ./Core/Src/system_stm32f4xx.o
 .debug_line    0x000000000000242a       0x88 ./Core/Startup/startup_stm32f446retx.o
 .debug_line    0x00000000000024b2      0xa2c ./Drivers/STM32F4xx_HAL_Driver/Src/stm32f4xx_hal.o
 .debug_line    0x0000000000002ede     0x1198 ./Drivers/STM32F4xx_HAL_Driver/Src/stm32f4xx_hal_can.o
 .debug_line    0x0000000000004076      0xcdb ./Drivers/STM32F4xx_HAL_Driver/Src/stm32f4xx_hal_cortex.o
 .debug_line    0x0000000000004d51      0xb8e ./Drivers/STM32F4xx_HAL_Driver/Src/stm32f4xx_hal_gpio.o
 .debug_line    0x00000000000058df      0xdb4 ./Drivers/STM32F4xx_HAL_Driver/Src/stm32f4xx_hal_rcc.o
 .debug_line    0x0000000000006693     0x143a ./Drivers/STM32F4xx_HAL_Driver/Src/stm32f4xx_hal_rcc_ex.o
 .debug_line    0x0000000000007acd     0x3720 ./Drivers/STM32F4xx_HAL_Driver/Src/stm32f4xx_hal_tim.o
 .debug_line    0x000000000000b1ed     0x1a29 ./Drivers/STM32F4xx_HAL_Driver/Src/stm32f4xx_hal_tim_ex.o

.debug_str      0x0000000000000000    0xcced9
 .debug_str     0x0000000000000000    0xca090 ./Core/Src/main.o
                                      0xca43a (size before relaxing)
 .debug_str     0x00000000000ca090      0x611 ./Core/Src/stm32f4xx_hal_msp.o
                                      0xca456 (size before relaxing)
 .debug_str     0x00000000000ca6a1      0x187 ./Core/Src/stm32f4xx_it.o
                                      0xca06f (size before relaxing)
 .debug_str     0x00000000000ca828       0xaf ./Core/Src/system_stm32f4xx.o
                                      0xc9565 (size before relaxing)
 .debug_str     0x00000000000ca8d7       0x36 ./Core/Startup/startup_stm32f446retx.o
                                         0x79 (size before relaxing)
 .debug_str     0x00000000000ca90d      0x58d ./Drivers/STM32F4xx_HAL_Driver/Src/stm32f4xx_hal.o
                                      0xca088 (size before relaxing)
 .debug_str     0x00000000000cae9a      0x485 ./Drivers/STM32F4xx_HAL_Driver/Src/stm32f4xx_hal_can.o
                                      0xc9c4c (size before relaxing)
 .debug_str     0x00000000000cb31f      0x398 ./Drivers/STM32F4xx_HAL_Driver/Src/stm32f4xx_hal_cortex.o
                                      0xc9e52 (size before relaxing)
 .debug_str     0x00000000000cb6b7      0x15a ./Drivers/STM32F4xx_HAL_Driver/Src/stm32f4xx_hal_gpio.o
                                      0xc970c (size before relaxing)
 .debug_str     0x00000000000cb811      0x24e ./Drivers/STM32F4xx_HAL_Driver/Src/stm32f4xx_hal_rcc.o
                                      0xc996c (size before relaxing)
 .debug_str     0x00000000000cba5f      0x324 ./Drivers/STM32F4xx_HAL_Driver/Src/stm32f4xx_hal_rcc_ex.o
                                      0xc99c9 (size before relaxing)
 .debug_str     0x00000000000cbd83      0xcfc ./Drivers/STM32F4xx_HAL_Driver/Src/stm32f4xx_hal_tim.o
                                      0xca86f (size before relaxing)
 .debug_str     0x00000000000cca7f      0x45a ./Drivers/STM32F4xx_HAL_Driver/Src/stm32f4xx_hal_tim_ex.o
                                      0xca020 (size before relaxing)

.comment        0x0000000000000000       0x53
 .comment       0x0000000000000000       0x53 ./Core/Src/main.o
                                         0x54 (size before relaxing)
 .comment       0x0000000000000053       0x54 ./Core/Src/stm32f4xx_hal_msp.o
 .comment       0x0000000000000053       0x54 ./Core/Src/stm32f4xx_it.o
 .comment       0x0000000000000053       0x54 ./Core/Src/system_stm32f4xx.o
 .comment       0x0000000000000053       0x54 ./Drivers/STM32F4xx_HAL_Driver/Src/stm32f4xx_hal.o
 .comment       0x0000000000000053       0x54 ./Drivers/STM32F4xx_HAL_Driver/Src/stm32f4xx_hal_can.o
 .comment       0x0000000000000053       0x54 ./Drivers/STM32F4xx_HAL_Driver/Src/stm32f4xx_hal_cortex.o
 .comment       0x0000000000000053       0x54 ./Drivers/STM32F4xx_HAL_Driver/Src/stm32f4xx_hal_gpio.o
 .comment       0x0000000000000053       0x54 ./Drivers/STM32F4xx_HAL_Driver/Src/stm32f4xx_hal_rcc.o
 .comment       0x0000000000000053       0x54 ./Drivers/STM32F4xx_HAL_Driver/Src/stm32f4xx_hal_rcc_ex.o
 .comment       0x0000000000000053       0x54 ./Drivers/STM32F4xx_HAL_Driver/Src/stm32f4xx_hal_tim.o
 .comment       0x0000000000000053       0x54 ./Drivers/STM32F4xx_HAL_Driver/Src/stm32f4xx_hal_tim_ex.o

.debug_frame    0x0000000000000000     0x3280
 .debug_frame   0x0000000000000000      0x1f0 ./Core/Src/main.o
 .debug_frame   0x00000000000001f0      0x184 ./Core/Src/stm32f4xx_hal_msp.o
 .debug_frame   0x0000000000000374      0x1f8 ./Core/Src/stm32f4xx_it.o
 .debug_frame   0x000000000000056c       0x58 ./Core/Src/system_stm32f4xx.o
 .debug_frame   0x00000000000005c4      0x374 ./Drivers/STM32F4xx_HAL_Driver/Src/stm32f4xx_hal.o
 .debug_frame   0x0000000000000938      0x5a0 ./Drivers/STM32F4xx_HAL_Driver/Src/stm32f4xx_hal_can.o
 .debug_frame   0x0000000000000ed8      0x498 ./Drivers/STM32F4xx_HAL_Driver/Src/stm32f4xx_hal_cortex.o
 .debug_frame   0x0000000000001370      0x14c ./Drivers/STM32F4xx_HAL_Driver/Src/stm32f4xx_hal_gpio.o
 .debug_frame   0x00000000000014bc      0x1f0 ./Drivers/STM32F4xx_HAL_Driver/Src/stm32f4xx_hal_rcc.o
 .debug_frame   0x00000000000016ac      0x1e8 ./Drivers/STM32F4xx_HAL_Driver/Src/stm32f4xx_hal_rcc_ex.o
 .debug_frame   0x0000000000001894     0x11c4 ./Drivers/STM32F4xx_HAL_Driver/Src/stm32f4xx_hal_tim.o
 .debug_frame   0x0000000000002a58      0x638 ./Drivers/STM32F4xx_HAL_Driver/Src/stm32f4xx_hal_tim_ex.o
 .debug_frame   0x0000000000003090       0x2c c:/1.my_files/software/st/stm32cubeide_1.8.0/stm32cubeide/plugins/com.st.stm32cube.ide.mcu.externaltools.gnu-tools-for-stm32.9-2020-q2-update.win32_2.0.0.202105311346/tools/bin/../lib/gcc/arm-none-eabi/9.3.1/../../../../arm-none-eabi/lib/thumb/v7e-m+fp/hard\libc_nano.a(lib_a-init.o)
 .debug_frame   0x00000000000030bc       0x20 c:/1.my_files/software/st/stm32cubeide_1.8.0/stm32cubeide/plugins/com.st.stm32cube.ide.mcu.externaltools.gnu-tools-for-stm32.9-2020-q2-update.win32_2.0.0.202105311346/tools/bin/../lib/gcc/arm-none-eabi/9.3.1/../../../../arm-none-eabi/lib/thumb/v7e-m+fp/hard\libc_nano.a(lib_a-memset.o)
 .debug_frame   0x00000000000030dc       0xac c:/1.my_files/software/st/stm32cubeide_1.8.0/stm32cubeide/plugins/com.st.stm32cube.ide.mcu.externaltools.gnu-tools-for-stm32.9-2020-q2-update.win32_2.0.0.202105311346/tools/bin/../lib/gcc/arm-none-eabi/9.3.1/thumb/v7e-m+fp/hard\libgcc.a(_arm_addsubdf3.o)
 .debug_frame   0x0000000000003188       0x50 c:/1.my_files/software/st/stm32cubeide_1.8.0/stm32cubeide/plugins/com.st.stm32cube.ide.mcu.externaltools.gnu-tools-for-stm32.9-2020-q2-update.win32_2.0.0.202105311346/tools/bin/../lib/gcc/arm-none-eabi/9.3.1/thumb/v7e-m+fp/hard\libgcc.a(_arm_muldivdf3.o)
 .debug_frame   0x00000000000031d8       0x24 c:/1.my_files/software/st/stm32cubeide_1.8.0/stm32cubeide/plugins/com.st.stm32cube.ide.mcu.externaltools.gnu-tools-for-stm32.9-2020-q2-update.win32_2.0.0.202105311346/tools/bin/../lib/gcc/arm-none-eabi/9.3.1/thumb/v7e-m+fp/hard\libgcc.a(_arm_fixdfsi.o)
 .debug_frame   0x00000000000031fc       0x24 c:/1.my_files/software/st/stm32cubeide_1.8.0/stm32cubeide/plugins/com.st.stm32cube.ide.mcu.externaltools.gnu-tools-for-stm32.9-2020-q2-update.win32_2.0.0.202105311346/tools/bin/../lib/gcc/arm-none-eabi/9.3.1/thumb/v7e-m+fp/hard\libgcc.a(_arm_truncdfsf2.o)
 .debug_frame   0x0000000000003220       0x2c c:/1.my_files/software/st/stm32cubeide_1.8.0/stm32cubeide/plugins/com.st.stm32cube.ide.mcu.externaltools.gnu-tools-for-stm32.9-2020-q2-update.win32_2.0.0.202105311346/tools/bin/../lib/gcc/arm-none-eabi/9.3.1/thumb/v7e-m+fp/hard\libgcc.a(_aeabi_uldivmod.o)
 .debug_frame   0x000000000000324c       0x34 c:/1.my_files/software/st/stm32cubeide_1.8.0/stm32cubeide/plugins/com.st.stm32cube.ide.mcu.externaltools.gnu-tools-for-stm32.9-2020-q2-update.win32_2.0.0.202105311346/tools/bin/../lib/gcc/arm-none-eabi/9.3.1/thumb/v7e-m+fp/hard\libgcc.a(_udivmoddi4.o)
