main.c:66:5:main	16	static
main.c:94:5:Motor_PWM_Start	8	static
main.c:108:5:Motor_Set_Speed	16	static
main.c:116:5:Motor_Get_Odom	4	static
main.c:121:5:CAN_Header_Config	16	static
main.c:129:5:CAN_Filter_Config	16	static
main.c:143:5:CAN_Starter	16	static
main.c:160:6:SystemClock_Config	88	static
main.c:205:13:MX_CAN1_Init	8	static
main.c:242:13:MX_TIM3_Init	56	static
main.c:291:13:MX_TIM7_Init	16	static
main.c:329:13:MX_TIM8_Init	80	static
main.c:400:13:MX_GPIO_Init	48	static
main.c:440:6:Error_Handler	4	static,ignoring_inline_asm
