stm32f4xx_it.c:54:6:NMI_Handler	4	static
stm32f4xx_it.c:69:6:HardFault_Handler	4	static
stm32f4xx_it.c:84:6:MemManage_Handler	4	static
stm32f4xx_it.c:99:6:BusFault_Handler	4	static
stm32f4xx_it.c:114:6:UsageFault_Handler	4	static
stm32f4xx_it.c:129:6:SVC_Handler	4	static
stm32f4xx_it.c:142:6:DebugMon_Handler	4	static
stm32f4xx_it.c:155:6:PendSV_Handler	4	static
stm32f4xx_it.c:168:6:SysTick_Handler	8	static
stm32f4xx_it.c:191:6:CAN1_RX0_IRQHandler	8	static
stm32f4xx_it.c:201:6:My_CAN_Rx_Handler	24	static
stm32f4xx_it.c:219:6:TIM7_IRQHandler	8	static
stm32f4xx_it.c:243:5:My_PD_Controller	56	static
stm32f4xx_it.c:263:5:Velocity_To_CAN_Data	24	static
stm32f4xx_it.c:272:7:velocity_ticks_to_rs	16	static
stm32f4xx_it.c:277:5:velocity_rs_to_ticks	16	static
